Flow report for t2mi_to_ts
Thu May 28 11:07:47 2026
Quartus Prime Version 19.4.0 Build 64 12/04/2019 Patches 0.39,0.35 SC Pro Edition


---------------------
; Table of Contents ;
---------------------
  1. Parallel Compilation
  2. Legal Notice
  3. Flow Summary
  4. Flow Settings
  5. Flow Non-Default Global Settings
  6. Flow Elapsed Time
  7. Flow OS Summary
  8. Flow Log



+-------------------------------------+
; Parallel Compilation                ;
+----------------------------+--------+
; Processors                 ; Number ;
+----------------------------+--------+
; Number detected on machine ; 8      ;
; Maximum allowed            ; 4      ;
+----------------------------+--------+


----------------
; Legal Notice ;
----------------
Copyright (C) 2019  Intel Corporation. All rights reserved.
Your use of Intel Corporation's design tools, logic functions 
and other software and tools, and any partner logic 
functions, and any output files from any of the foregoing 
(including device programming or simulation files), and any 
associated documentation or information are expressly subject 
to the terms and conditions of the Intel Program License 
Subscription Agreement, the Intel Quartus Prime License Agreement,
the Intel FPGA IP License Agreement, or other applicable license
agreement, including, without limitation, that your use is for
the sole purpose of programming logic devices manufactured by
Intel and sold by Intel or its authorized distributors.  Please
refer to the applicable agreement for further details, at
https://fpgasoftware.intel.com/eula.



+-------------------------------------------------------------------------------------------+
; Flow Summary                                                                              ;
+-----------------------------+-------------------------------------------------------------+
; Flow Status                 ; Successful - Thu May 28 11:07:47 2026                       ;
; Quartus Prime Version       ; 19.4.0 Build 64 12/04/2019 Patches 0.39,0.35 SC Pro Edition ;
; Revision Name               ; t2mi_to_ts                                                  ;
; Top-level Entity Name       ; ts_to_t2mi_top                                              ;
; Family                      ; Arria 10                                                    ;
; Device                      ; 10AS027E4F29E3SG                                            ;
; Timing Models               ; Final                                                       ;
; Logic utilization (in ALMs) ; 315 / 101,620 ( < 1 % )                                     ;
; Total registers             ; 302                                                         ;
; Total pins                  ; 38 / 416 ( 9 % )                                            ;
; Total virtual pins          ; 0                                                           ;
; Total block memory bits     ; 7,488 / 15,360,000 ( < 1 % )                                ;
; Total RAM Blocks            ; 1 / 750 ( < 1 % )                                           ;
; Total DSP Blocks            ; 0 / 830 ( 0 % )                                             ;
; Total HSSI RX channels      ; 0 / 12 ( 0 % )                                              ;
; Total HSSI TX channels      ; 0 / 12 ( 0 % )                                              ;
; Total PLLs                  ; 0 / 32 ( 0 % )                                              ;
+-----------------------------+-------------------------------------------------------------+


+-----------------------------------------+
; Flow Settings                           ;
+-------------------+---------------------+
; Option            ; Setting             ;
+-------------------+---------------------+
; Start date & time ; 05/28/2026 11:05:41 ;
; Main task         ; Compilation         ;
; Revision Name     ; t2mi_to_ts          ;
+-------------------+---------------------+


+-----------------------------------------------------------------------------------------------------------------------+
; Flow Non-Default Global Settings                                                                                      ;
+--------------------------+-------------------------------------------------+---------------+-------------+------------+
; Assignment Name          ; Value                                           ; Default Value ; Entity Name ; Section Id ;
+--------------------------+-------------------------------------------------+---------------+-------------+------------+
; COMPILER_SIGNATURE_ID    ; 66325072087147.177995914105337                  ; --            ; --          ; --         ;
; MAX_CORE_JUNCTION_TEMP   ; 100                                             ; --            ; --          ; --         ;
; MIN_CORE_JUNCTION_TEMP   ; 0                                               ; --            ; --          ; --         ;
; MISC_FILE                ; ram_up/ram_up.cmp                               ; --            ; --          ; --         ;
; MISC_FILE                ; ram_up/../ram_up.ip                             ; --            ; --          ; --         ;
; PROJECT_OUTPUT_DIRECTORY ; output_files                                    ; --            ; --          ; --         ;
; SLD_INFO                 ; QSYS_NAME ram_up HAS_SOPCINFO 1 GENERATION_ID 0 ; --            ; ram_up      ; --         ;
; SOPCINFO_FILE            ; ram_up/ram_up.sopcinfo                          ; --            ; --          ; --         ;
; TOP_LEVEL_ENTITY         ; ts_to_t2mi_top                                  ; t2mi_to_ts    ; --          ; --         ;
+--------------------------+-------------------------------------------------+---------------+-------------+------------+


+------------------------------------------------------+
; Flow Elapsed Time                                    ;
+-----------------+--------------+---------------------+
; Module Name     ; Elapsed Time ; Peak Virtual Memory ;
+-----------------+--------------+---------------------+
; Synthesis       ; 00:00:14     ; 1394 MB             ;
; Fitter          ; 00:01:15     ; 4456 MB             ;
; Timing Analyzer ; 00:00:06     ; 2824 MB             ;
; Assembler       ; 00:00:23     ; 3090 MB             ;
; Total           ; 00:01:58     ; --                  ;
+-----------------+--------------+---------------------+


+-----------------------------------------------------------------------------------+
; Flow OS Summary                                                                   ;
+-----------------+------------------+----------------+------------+----------------+
; Module Name     ; Machine Hostname ; OS Name        ; OS Version ; Processor type ;
+-----------------+------------------+----------------+------------+----------------+
; Synthesis       ; pdiefre          ; Ubuntu 20.04.6 ; 20         ; x86_64         ;
; Fitter          ; pdiefre          ; Ubuntu 20.04.6 ; 20         ; x86_64         ;
; Timing Analyzer ; pdiefre          ; Ubuntu 20.04.6 ; 20         ; x86_64         ;
; Assembler       ; pdiefre          ; Ubuntu 20.04.6 ; 20         ; x86_64         ;
+-----------------+------------------+----------------+------------+----------------+


------------
; Flow Log ;
------------
quartus_syn --read_settings_files=on --write_settings_files=off t2mi_to_ts -c t2mi_to_ts
quartus_fit --read_settings_files=on --write_settings_files=off t2mi_to_ts -c t2mi_to_ts
quartus_sta t2mi_to_ts -c t2mi_to_ts --mode=finalize
quartus_asm --read_settings_files=on --write_settings_files=off t2mi_to_ts -c t2mi_to_ts



