Fitter Finalize Stage Report for t2mi_to_ts
Thu May 28 11:07:11 2026
Quartus Prime Version 19.4.0 Build 64 12/04/2019 Patches 0.39,0.35 SC Pro Edition


---------------------
; Table of Contents ;
---------------------
  1. Legal Notice
  2. Fitter HSLP Summary
  3. Finalize Messages



----------------
; Legal Notice ;
----------------
Copyright (C) 2019  Intel Corporation. All rights reserved.
Your use of Intel Corporation's design tools, logic functions 
and other software and tools, and any partner logic 
functions, and any output files from any of the foregoing 
(including device programming or simulation files), and any 
associated documentation or information are expressly subject 
to the terms and conditions of the Intel Program License 
Subscription Agreement, the Intel Quartus Prime License Agreement,
the Intel FPGA IP License Agreement, or other applicable license
agreement, including, without limitation, that your use is for
the sole purpose of programming logic devices manufactured by
Intel and sold by Intel or its authorized distributors.  Please
refer to the applicable agreement for further details, at
https://fpgasoftware.intel.com/eula.



+--------------------------------------------------------------------------------+
; Fitter HSLP Summary                                                            ;
+--------------------------------------------------------+---------------+-------+
; Resource                                               ; Usage         ; %     ;
+--------------------------------------------------------+---------------+-------+
;                                                        ;               ;       ;
; Programmable power technology high-speed tiles         ; 80 / 6,514    ; 1 %   ;
; Programmable power technology low-power tiles          ; 6,434 / 6,514 ; 99 %  ;
;     -- low-power tiles that are used by the design     ; 34 / 6,434    ; < 1 % ;
;     -- unused tiles (low-power)                        ; 6,400 / 6,434 ; 99 %  ;
;                                                        ;               ;       ;
; Programmable power technology high-speed LAB tiles     ; 79 / 4,516    ; 2 %   ;
; Programmable power technology low-power LAB tiles      ; 4,437 / 4,516 ; 98 %  ;
;     -- low-power LAB tiles that are used by the design ; 34 / 4,437    ; < 1 % ;
;     -- unused LAB tiles (low-power)                    ; 4,403 / 4,437 ; 99 %  ;
;                                                        ;               ;       ;
+--------------------------------------------------------+---------------+-------+


+-------------------+
; Finalize Messages ;
+-------------------+
Info (20030): Parallel compilation is enabled and will use 4 of the 4 processors detected
Info: *******************************************************************
Info: Running Quartus Prime Fitter
    Info: Version 19.4.0 Build 64 12/04/2019 Patches 0.39,0.35 SC Pro Edition
    Info: Processing started: Thu May 28 11:05:57 2026
    Info: System process ID: 70946
Info: Command: quartus_fit --read_settings_files=on --write_settings_files=off t2mi_to_ts -c t2mi_to_ts
Info: qfit2_default_script.tcl version: #1
Info: Project  = t2mi_to_ts
Info: Revision = t2mi_to_ts
Info (11888): Total time spent on timing analysis during Post-Routing is 0.00 seconds.
Info (16557): Fitter post-fit operations ending: elapsed time is 00:00:05


