Assembler report for t2mi_to_ts
Thu May 28 11:07:47 2026
Quartus Prime Version 19.4.0 Build 64 12/04/2019 Patches 0.39,0.35 SC Pro Edition


---------------------
; Table of Contents ;
---------------------
  1. Legal Notice
  2. Assembler Summary
  3. Assembler Settings
  4. Parallel Compilation
  5. Assembler Messages
  6. Assembler Generated Files
  7. Assembler Device Options: t2mi_to_ts.sof



----------------
; Legal Notice ;
----------------
Copyright (C) 2019  Intel Corporation. All rights reserved.
Your use of Intel Corporation's design tools, logic functions 
and other software and tools, and any partner logic 
functions, and any output files from any of the foregoing 
(including device programming or simulation files), and any 
associated documentation or information are expressly subject 
to the terms and conditions of the Intel Program License 
Subscription Agreement, the Intel Quartus Prime License Agreement,
the Intel FPGA IP License Agreement, or other applicable license
agreement, including, without limitation, that your use is for
the sole purpose of programming logic devices manufactured by
Intel and sold by Intel or its authorized distributors.  Please
refer to the applicable agreement for further details, at
https://fpgasoftware.intel.com/eula.



+---------------------------------------------------------------+
; Assembler Summary                                             ;
+-----------------------+---------------------------------------+
; Assembler Status      ; Successful - Thu May 28 11:07:47 2026 ;
; Revision Name         ; t2mi_to_ts                            ;
; Top-level Entity Name ; ts_to_t2mi_top                        ;
; Family                ; Arria 10                              ;
; Device                ; 10AS027E4F29E3SG                      ;
+-----------------------+---------------------------------------+


+---------------------------------------------------------------------------------------------------------------+
; Assembler Settings                                                                                            ;
+-----------------------------------------------------------------------------+----------------+----------------+
; Option                                                                      ; Setting        ; Default Value  ;
+-----------------------------------------------------------------------------+----------------+----------------+
; Enable parallel Assembler and Timing Analyzer during compilation            ; On             ; On             ;
; Enable compact report table                                                 ; Off            ; Off            ;
; Design Assistant include IP blocks                                          ; Off            ; Off            ;
; Design Assistant limit on reported violations per rule                      ; 500            ; 500            ;
; Allow RAM Retiming                                                          ; Off            ; Off            ;
; Allow DSP Retiming                                                          ; Off            ; Off            ;
; Use Checkered Pattern as Uninitialized RAM Content                          ; Off            ; Off            ;
; Generate compressed bitstreams                                              ; On             ; On             ;
; Compression mode                                                            ; Off            ; Off            ;
; Clock source for configuration device                                       ; Internal       ; Internal       ;
; Clock frequency of the configuration device                                 ; 10 MHz         ; 10 MHz         ;
; Divide clock frequency by                                                   ; 1              ; 1              ;
; Auto user code                                                              ; On             ; On             ;
; Configuration device                                                        ; Auto           ; Auto           ;
; Voltage output format                                                       ; Auto discovery ; Auto discovery ;
; Translated voltage value unit                                               ; Volts          ; Volts          ;
; Configuration device auto user code                                         ; Off            ; Off            ;
; Generate Tabular Text File (.ttf) For Target Device                         ; Off            ; Off            ;
; Generate Raw Binary File (.rbf) For Target Device                           ; Off            ; Off            ;
; Generate Partial Reconfiguration Raw Binary File (.rbf)                     ; Off            ; Off            ;
; Generate Hexadecimal (Intel-Format) Output File (.hexout) for Target Device ; Off            ; Off            ;
; Hexadecimal Output File start address                                       ; 0              ; 0              ;
; Hexadecimal Output File count direction                                     ; Up             ; Up             ;
; Release clears before tri-states                                            ; Off            ; Off            ;
; Auto-restart configuration after error                                      ; On             ; On             ;
; Enable OCT_DONE                                                             ; Off            ; Off            ;
; Enable autonomous PCIe HIP mode                                             ; Off            ; Off            ;
; Generate Serial Vector Format File (.svf) for Target Device                 ; Off            ; Off            ;
; Generate a JEDEC STAPL Format File (.jam) for Target Device                 ; Off            ; Off            ;
; Generate a compressed Jam STAPL Byte Code 2.0 File (.jbc) for Target Device ; Off            ; Off            ;
; Generate a compressed Jam STAPL Byte Code 2.0 File (.jbc) for Target Device ; On             ; On             ;
; Enables the HPS early release of HPS IO                                     ; Off            ; Off            ;
+-----------------------------------------------------------------------------+----------------+----------------+


+-------------------------------------+
; Parallel Compilation                ;
+----------------------------+--------+
; Processors                 ; Number ;
+----------------------------+--------+
; Number detected on machine ; 8      ;
; Maximum allowed            ; 4      ;
+----------------------------+--------+


+--------------------+
; Assembler Messages ;
+--------------------+
Info: *******************************************************************
Info: Running Quartus Prime Assembler
    Info: Version 19.4.0 Build 64 12/04/2019 Patches 0.39,0.35 SC Pro Edition
    Info: Processing started: Thu May 28 11:07:24 2026
    Info: System process ID: 71771
Info: Command: quartus_asm --read_settings_files=on --write_settings_files=off t2mi_to_ts -c t2mi_to_ts
Info (16677): Loading final database
Info (16734): Loading "final" snapshot for partition "root_partition".
Info (16678): Successfully loaded final database: elapsed time is 00:00:01
Info: Quartus Prime Assembler was successful. 0 errors, 0 warnings
    Info: Peak virtual memory: 3091 megabytes
    Info: Processing ended: Thu May 28 11:07:48 2026
    Info: Elapsed time: 00:00:24
    Info: System process ID: 71771


+---------------------------------------------------------------------------------------------------+
; Assembler Generated Files                                                                         ;
+---------------------------------------------------------------------------------------------------+
; File Name                                                                                         ;
+---------------------------------------------------------------------------------------------------+
; /home/diefre/TFM/projects/DVB-T/scripts/t2mi_analyzer/test_bench/vhdl/output_files/t2mi_to_ts.sof ;
+---------------------------------------------------------------------------------------------------+


+----------------------------------------------------+
; Assembler Device Options: t2mi_to_ts.sof           ;
+----------------+-----------------------------------+
; Option         ; Setting                           ;
+----------------+-----------------------------------+
; JTAG usercode  ; 0xFFFFFFFF                        ;
; Checksum       ; 0x0DDDDAE5                        ;
; Design hash    ; 593D880622F46573B259E306FCA956D2  ;
+----------------+-----------------------------------+


