Fitter Place Stage Report for t2mi_to_ts
Thu May 28 11:06:48 2026
Quartus Prime Version 19.4.0 Build 64 12/04/2019 Patches 0.39,0.35 SC Pro Edition


---------------------
; Table of Contents ;
---------------------
  1. Legal Notice
  2. Fitter Resource Usage Summary
  3. Fitter Resource Utilization by Entity
  4. Fitter RAM Summary
  5. Place Messages



----------------
; Legal Notice ;
----------------
Copyright (C) 2019  Intel Corporation. All rights reserved.
Your use of Intel Corporation's design tools, logic functions 
and other software and tools, and any partner logic 
functions, and any output files from any of the foregoing 
(including device programming or simulation files), and any 
associated documentation or information are expressly subject 
to the terms and conditions of the Intel Program License 
Subscription Agreement, the Intel Quartus Prime License Agreement,
the Intel FPGA IP License Agreement, or other applicable license
agreement, including, without limitation, that your use is for
the sole purpose of programming logic devices manufactured by
Intel and sold by Intel or its authorized distributors.  Please
refer to the applicable agreement for further details, at
https://fpgasoftware.intel.com/eula.



+-------------------------------------------------------------------------------------------+
; Fitter Resource Usage Summary                                                             ;
+-------------------------------------------------------------+---------------------+-------+
; Resource                                                    ; Usage               ; %     ;
+-------------------------------------------------------------+---------------------+-------+
; Logic utilization (ALMs needed / total ALMs on device)      ; 315 / 101,620       ; < 1 % ;
; ALMs needed [=A-B+C]                                        ; 315                 ;       ;
;     [A] ALMs used in final placement [=a+b+c+d]             ; 324 / 101,620       ; < 1 % ;
;         [a] ALMs used for LUT logic and registers           ; 117                 ;       ;
;         [b] ALMs used for LUT logic                         ; 193                 ;       ;
;         [c] ALMs used for registers                         ; 14                  ;       ;
;         [d] ALMs used for memory (up to half of total ALMs) ; 0                   ;       ;
;     [B] Estimate of ALMs recoverable by dense packing       ; 9 / 101,620         ; < 1 % ;
;     [C] Estimate of ALMs unavailable [=a+b+c+d]             ; 0 / 101,620         ; 0 %   ;
;         [a] Due to location constrained logic               ; 0                   ;       ;
;         [b] Due to LAB-wide signal conflicts                ; 0                   ;       ;
;         [c] Due to LAB input limits                         ; 0                   ;       ;
;         [d] Due to virtual I/Os                             ; 0                   ;       ;
;                                                             ;                     ;       ;
; Difficulty packing design                                   ; Low                 ;       ;
;                                                             ;                     ;       ;
; Total LABs:  partially or completely used                   ; 40 / 10,162         ; < 1 % ;
;     -- Logic LABs                                           ; 40                  ;       ;
;     -- Memory LABs (up to half of total LABs)               ; 0                   ;       ;
;                                                             ;                     ;       ;
; Combinational ALUT usage for logic                          ; 531                 ;       ;
;     -- 7 input functions                                    ; 5                   ;       ;
;     -- 6 input functions                                    ; 68                  ;       ;
;     -- 5 input functions                                    ; 102                 ;       ;
;     -- 4 input functions                                    ; 65                  ;       ;
;     -- <=3 input functions                                  ; 291                 ;       ;
; Combinational ALUT usage for route-throughs                 ; 20                  ;       ;
;                                                             ;                     ;       ;
; Dedicated logic registers                                   ; 265                 ;       ;
;     -- By type:                                             ;                     ;       ;
;         -- Primary logic registers                          ; 261 / 203,240       ; < 1 % ;
;         -- Secondary logic registers                        ; 4 / 203,240         ; < 1 % ;
;     -- By function:                                         ;                     ;       ;
;         -- Design implementation registers                  ; 265                 ;       ;
;         -- Routing optimization registers                   ; 0                   ;       ;
;                                                             ;                     ;       ;
; ALMs adjustment for power estimation                        ; 18                  ;       ;
;                                                             ;                     ;       ;
; Virtual pins                                                ; 0                   ;       ;
; I/O pins                                                    ; 38 / 416            ; 9 %   ;
;     -- Clock pins                                           ; 2 / 20              ; 10 %  ;
;     -- Dedicated input pins                                 ; 0 / 35              ; 0 %   ;
;                                                             ;                     ;       ;
; Hard processor system peripheral utilization                ;                     ;       ;
;     -- Boot from FPGA                                       ; 0 / 1 ( 0 % )       ;       ;
;     -- Clock resets                                         ; 0 / 1 ( 0 % )       ;       ;
;     -- Cross trigger                                        ; 0 / 1 ( 0 % )       ;       ;
;     -- S2F AXI                                              ; 0 / 1 ( 0 % )       ;       ;
;     -- F2S AXI                                              ; 0 / 1 ( 0 % )       ;       ;
;     -- AXI Lightweight                                      ; 0 / 1 ( 0 % )       ;       ;
;     -- SDRAM                                                ; 0 / 1 ( 0 % )       ;       ;
;     -- Interrupts                                           ; 0 / 1 ( 0 % )       ;       ;
;     -- JTAG                                                 ; 0 / 1 ( 0 % )       ;       ;
;     -- MPU event standby                                    ; 0 / 1 ( 0 % )       ;       ;
;     -- MPU general purpose                                  ; 0 / 1 ( 0 % )       ;       ;
;     -- STM event                                            ; 0 / 1 ( 0 % )       ;       ;
;     -- TPIU trace                                           ; 0 / 1 ( 0 % )       ;       ;
;     -- DMA                                                  ; 0 / 1 ( 0 % )       ;       ;
;     -- EMAC                                                 ; 0 / 3 ( 0 % )       ;       ;
;     -- I2C                                                  ; 0 / 5 ( 0 % )       ;       ;
;     -- NAND Flash                                           ; 0 / 1 ( 0 % )       ;       ;
;     -- QSPI                                                 ; 0 / 1 ( 0 % )       ;       ;
;     -- SDMMC                                                ; 0 / 1 ( 0 % )       ;       ;
;     -- SPI Master                                           ; 0 / 2 ( 0 % )       ;       ;
;     -- SPI Slave                                            ; 0 / 2 ( 0 % )       ;       ;
;     -- UART                                                 ; 0 / 2 ( 0 % )       ;       ;
;     -- USB                                                  ; 0 / 2 ( 0 % )       ;       ;
;                                                             ;                     ;       ;
; M20K blocks                                                 ; 1 / 750             ; < 1 % ;
; Total MLAB memory bits                                      ; 0                   ;       ;
; Total block memory bits                                     ; 7,488 / 15,360,000  ; < 1 % ;
; Total block memory implementation bits                      ; 20,480 / 15,360,000 ; < 1 % ;
;                                                             ;                     ;       ;
; DSP Blocks Needed [=A+B-C]                                  ; 0 / 830             ; 0 %   ;
;     [A] Total Fixed Point DSP Blocks                        ; 0                   ;       ;
;     [B] Total Floating Point DSP Blocks                     ; 0                   ;       ;
;     [C] Estimate of DSP Blocks recoverable by dense merging ; 0                   ;       ;
;                                                             ;                     ;       ;
; IOPLLs                                                      ; 0 / 8               ; 0 %   ;
; FPLLs                                                       ; 0 / 8               ; 0 %   ;
; Global signals                                              ; 2                   ;       ;
;     -- Global clocks                                        ; 2 / 32              ; 6 %   ;
;     -- Regional clocks                                      ; 0 / 8               ; 0 %   ;
;     -- Periphery clocks                                     ; 0 / 144             ; 0 %   ;
; JTAGs                                                       ; 0 / 1               ; 0 %   ;
; ASMI blocks                                                 ; 0 / 1               ; 0 %   ;
; CRC blocks                                                  ; 0 / 1               ; 0 %   ;
; Remote update blocks                                        ; 0 / 1               ; 0 %   ;
; Oscillator blocks                                           ; 0 / 1               ; 0 %   ;
; PCIe Hard IPs                                               ; 0 / 2               ; 0 %   ;
; HSSI RX PCSs                                                ; 0 / 12              ; 0 %   ;
; HSSI PMA RX DESERs                                          ; 0 / 12              ; 0 %   ;
; HSSI TX PCSs                                                ; 0 / 12              ; 0 %   ;
; HSSI PMA TX SERs                                            ; 0 / 12              ; 0 %   ;
; HSSI CDR PLL                                                ; 0 / 12              ; 0 %   ;
;     -- CDR PLLs for Unused RX Clock Workaround              ; 0 / 12              ; 0 %   ;
; HSSI ATX PLL                                                ; 0 / 4               ; 0 %   ;
; Impedance control blocks                                    ; 0 / 7               ; 0 %   ;
; Maximum fan-out                                             ; 281                 ;       ;
; Highest non-global fan-out                                  ; 55                  ;       ;
; Total fan-out                                               ; 3263                ;       ;
; Average fan-out                                             ; 3.54                ;       ;
+-------------------------------------------------------------+---------------------+-------+


+-------------------------------------------------------------------------------------------------------------------------------------------------------------------------------------------------------------------------------------------------------------------------------------------------------------------------------------------------------------------------------------------------------------------------------------------------------------------------------------------------+
; Fitter Resource Utilization by Entity                                                                                                                                                                                                                                                                                                                                                                                                                                                           ;
+----------------------------------------+----------------------+----------------------------------+---------------------------------------------------+----------------------------------+----------------------+---------------------+---------------------------+---------------+-------------------+-------+------------+------+--------------+--------+-------------------------------------------------------------------------------------+-------------------------------+----------------+
; Compilation Hierarchy Node             ; ALMs needed [=A-B+C] ; [A] ALMs used in final placement ; [B] Estimate of ALMs recoverable by dense packing ; [C] Estimate of ALMs unavailable ; ALMs used for memory ; Combinational ALUTs ; Dedicated Logic Registers ; I/O Registers ; Block Memory Bits ; M20Ks ; DSP Blocks ; Pins ; Virtual Pins ; IOPLLs ; Full Hierarchy Name                                                                 ; Entity Name                   ; Library Name   ;
+----------------------------------------+----------------------+----------------------------------+---------------------------------------------------+----------------------------------+----------------------+---------------------+---------------------------+---------------+-------------------+-------+------------+------+--------------+--------+-------------------------------------------------------------------------------------+-------------------------------+----------------+
; |                                      ; 315.0 (0.5)          ; 323.5 (0.5)                      ; 8.5 (0.0)                                         ; 0.0 (0.0)                        ; 0.0 (0.0)            ; 531 (1)             ; 265 (0)                   ; 0 (0)         ; 7488              ; 1     ; 0          ; 38   ; 0            ; 0 (0)  ; |                                                                                   ; ts_to_t2mi_top                ; altera_work    ;
;    |t2mi_parser_inst|                  ; 234.5 (234.5)        ; 235.5 (235.5)                    ; 1.0 (1.0)                                         ; 0.0 (0.0)                        ; 0.0 (0.0)            ; 403 (403)           ; 191 (191)                 ; 0 (0)         ; 7488              ; 1     ; 0          ; 0    ; 0            ; 0 (0)  ; t2mi_parser_inst                                                                    ; t2mi_parser                   ; altera_work    ;
;       |u0|                             ; 0.0 (0.0)            ; 0.0 (0.0)                        ; 0.0 (0.0)                                         ; 0.0 (0.0)                        ; 0.0 (0.0)            ; 0 (0)               ; 0 (0)                     ; 0 (0)         ; 7488              ; 1     ; 0          ; 0    ; 0            ; 0 (0)  ; t2mi_parser_inst|u0                                                                 ; ram_up                        ; ram_up         ;
;          |ram_2port_0|                 ; 0.0 (0.0)            ; 0.0 (0.0)                        ; 0.0 (0.0)                                         ; 0.0 (0.0)                        ; 0.0 (0.0)            ; 0 (0)               ; 0 (0)                     ; 0 (0)         ; 7488              ; 1     ; 0          ; 0    ; 0            ; 0 (0)  ; t2mi_parser_inst|u0|ram_2port_0                                                     ; ram_up_ram_2port_2000_u6dyzda ; ram_2port_2000 ;
;             |altera_syncram_component| ; 0.0 (0.0)            ; 0.0 (0.0)                        ; 0.0 (0.0)                                         ; 0.0 (0.0)                        ; 0.0 (0.0)            ; 0 (0)               ; 0 (0)                     ; 0 (0)         ; 7488              ; 1     ; 0          ; 0    ; 0            ; 0 (0)  ; t2mi_parser_inst|u0|ram_2port_0|altera_syncram_component                            ; altera_syncram                ; ram_2port_2000 ;
;                |auto_generated|        ; 0.0 (0.0)            ; 0.0 (0.0)                        ; 0.0 (0.0)                                         ; 0.0 (0.0)                        ; 0.0 (0.0)            ; 0 (0)               ; 0 (0)                     ; 0 (0)         ; 7488              ; 1     ; 0          ; 0    ; 0            ; 0 (0)  ; t2mi_parser_inst|u0|ram_2port_0|altera_syncram_component|auto_generated             ; altera_syncram_0902           ; ram_2port_2000 ;
;                   |altsyncram1|        ; 0.0 (0.0)            ; 0.0 (0.0)                        ; 0.0 (0.0)                                         ; 0.0 (0.0)                        ; 0.0 (0.0)            ; 0 (0)               ; 0 (0)                     ; 0 (0)         ; 7488              ; 1     ; 0          ; 0    ; 0            ; 0 (0)  ; t2mi_parser_inst|u0|ram_2port_0|altera_syncram_component|auto_generated|altsyncram1 ; altsyncram_9fa4               ; altera_work    ;
;    |ts_parser_inst|                    ; 80.0 (80.0)          ; 87.5 (87.5)                      ; 7.5 (7.5)                                         ; 0.0 (0.0)                        ; 0.0 (0.0)            ; 127 (127)           ; 74 (74)                   ; 0 (0)         ; 0                 ; 0     ; 0          ; 0    ; 0            ; 0 (0)  ; ts_parser_inst                                                                      ; ts_parser                     ; altera_work    ;
+----------------------------------------+----------------------+----------------------------------+---------------------------------------------------+----------------------------------+----------------------+---------------------+---------------------------+---------------+-------------------+-------+------------+------+--------------+--------+-------------------------------------------------------------------------------------+-------------------------------+----------------+
Note: For table entries with two numbers listed, the numbers in parentheses indicate the number of resources of the given type used by the specific entity alone. The numbers listed outside of parentheses indicate the total resources of the given type used by the specific entity and all of its sub-entities in the hierarchy.


+--------------------------------------------------------------------------------------------------------------------------------------------------------------------------------------------------------------------------------------------------------------------------------------------------------------------------------------------------------------------------------------------------------------------------------------------------------------------------------------------------------------------------------------------------------------------------------------------------------------------------------------+
; Fitter RAM Summary                                                                                                                                                                                                                                                                                                                                                                                                                                                                                                                                                                                                                   ;
+------------------------------------------------------------------------------------------------+------+------------------+--------------+--------------+--------------+--------------+--------------+------------------------+-------------------------+------------------------+-------------------------+------+-----------------------------+-----------------------------+-----------------------------+-----------------------------+---------------------+-------------+-------+------+------------------+---------------------+-----------------+-----------------+----------+------------------------+-----------------------+
; Name                                                                                           ; Type ; Mode             ; Clock Mode   ; Port A Depth ; Port A Width ; Port B Depth ; Port B Width ; Port A Input Registers ; Port A Output Registers ; Port B Input Registers ; Port B Output Registers ; Size ; Implementation Port A Depth ; Implementation Port A Width ; Implementation Port B Depth ; Implementation Port B Width ; Implementation Bits ; M20K blocks ; MLABs ; MIF  ; Location         ; Mixed Port RDW Mode ; Port A RDW Mode ; Port B RDW Mode ; ECC Mode ; ECC Pipeline Registers ; Fits in MLABs         ;
+------------------------------------------------------------------------------------------------+------+------------------+--------------+--------------+--------------+--------------+--------------+------------------------+-------------------------+------------------------+-------------------------+------+-----------------------------+-----------------------------+-----------------------------+-----------------------------+---------------------+-------------+-------+------+------------------+---------------------+-----------------+-----------------+----------+------------------------+-----------------------+
; t2mi_parser_inst|u0|ram_2port_0|altera_syncram_component|auto_generated|altsyncram1|ALTSYNCRAM ; AUTO ; Simple Dual Port ; Single Clock ; --           ; --           ; 936          ; 8            ; yes                    ; no                      ; yes                    ; no                      ; 7488 ; --                          ; --                          ; 936                         ; 8                           ; 7488                ; 1           ; 0     ; None ; M20K_X142_Y74_N0 ; Don't care          ; New data        ; New data        ; Off      ; No                     ; No - Address Too Wide ;
+------------------------------------------------------------------------------------------------+------+------------------+--------------+--------------+--------------+--------------+--------------+------------------------+-------------------------+------------------------+-------------------------+------+-----------------------------+-----------------------------+-----------------------------+-----------------------------+---------------------+-------------+-------+------+------------------+---------------------+-----------------+-----------------+----------+------------------------+-----------------------+
Note: Fitter may spread logical memories into multiple blocks to improve timing. The actual required RAM blocks can be found in the Fitter Resource Usage section.


+----------------+
; Place Messages ;
+----------------+
Info (20030): Parallel compilation is enabled and will use 4 of the 4 processors detected
Info: *******************************************************************
Info: Running Quartus Prime Fitter
    Info: Version 19.4.0 Build 64 12/04/2019 Patches 0.39,0.35 SC Pro Edition
    Info: Processing started: Thu May 28 11:05:57 2026
    Info: System process ID: 70946
Info: Command: quartus_fit --read_settings_files=on --write_settings_files=off t2mi_to_ts -c t2mi_to_ts
Info: qfit2_default_script.tcl version: #1
Info: Project  = t2mi_to_ts
Info: Revision = t2mi_to_ts
Info (11165): Fitter preparation operations ending: elapsed time is 00:00:24
Info (170189): Fitter placement preparation operations beginning
Info (14951): The Fitter is using Advanced Physical Optimization.
Info (170190): Fitter placement preparation operations ending: elapsed time is 00:00:04
Info (170191): Fitter placement operations beginning
Info (170137): Fitter placement was successful
Info (170192): Fitter placement operations ending: elapsed time is 00:00:04
Warning (335093): The Timing Analyzer is analyzing 1 combinational loops as latches. For more details, run the Check Timing command in the Timing Analyzer or view the "User-Specified and Inferred Latches" table in the Synthesis report.
Info (11888): Total time spent on timing analysis during Placement is 0.90 seconds.


