Info: Generated by version: 19.4 build 64
Info: Starting: Create simulation model
Info: qsys-generate /home/diefre/TFM/projects/DVB-T/scripts/t2mi_analyzer/test_bench/vhdl/ram_up.ip --simulation=VHDL --allow-mixed-language-simulation --output-directory=/home/diefre/TFM/projects/DVB-T/scripts/t2mi_analyzer/test_bench/vhdl/ram_up --family="Arria 10" --part=10AS027E4F29E3SG
: ram_up.ram_2port_0: Targeting device family: Arria 10.
: ram_up.ram_2port_0: 'Output1' tab is unavailable while using "Dual clock: use separate 'read' and 'write' clocks" clocking method.
: ram_up.ram_2port_0: 'Output2' tab is unavailable while using one read port and one write port.
: ram_up.ram_2port_0: In 'Performance Optimization' tab, Arria 10 does not support 'Timing/Power Optimization' feature.
Info: ram_up: "Transforming system: ram_up"
Info: ram_up: "Naming system components in system: ram_up"
Info: ram_up: "Processing generation queue"
Info: ram_up: "Generating: ram_up"
Info: ram_up: "Generating: ram_up_ram_2port_2000_3om6jvi"
Info: ram_up: Done "ram_up" with 2 modules, 2 files
Info: Generating the following file(s) for MODELSIM simulator in /home/diefre/TFM/projects/DVB-T/scripts/t2mi_analyzer/test_bench/vhdl/ram_up/sim/ directory:
Info: 	common/modelsim_files.tcl
Info: Generating the following file(s) for VCSMX simulator in /home/diefre/TFM/projects/DVB-T/scripts/t2mi_analyzer/test_bench/vhdl/ram_up/sim/ directory:
Info: 	common/vcsmx_files.tcl
Info: Generating the following file(s) for VCS simulator in /home/diefre/TFM/projects/DVB-T/scripts/t2mi_analyzer/test_bench/vhdl/ram_up/sim/ directory:
Info: 	common/vcs_files.tcl
Info: Generating the following file(s) for RIVIERA simulator in /home/diefre/TFM/projects/DVB-T/scripts/t2mi_analyzer/test_bench/vhdl/ram_up/sim/ directory:
Info: 	common/riviera_files.tcl
Info: Generating the following file(s) for NCSIM simulator in /home/diefre/TFM/projects/DVB-T/scripts/t2mi_analyzer/test_bench/vhdl/ram_up/sim/ directory:
Info: 	common/ncsim_files.tcl
Info: Generating the following file(s) for XCELIUM simulator in /home/diefre/TFM/projects/DVB-T/scripts/t2mi_analyzer/test_bench/vhdl/ram_up/sim/ directory:
Info: 	common/xcelium_files.tcl
Info: For information on how to simulate your IP, see the explanatory comments in the simulator-specific subdirectories under /home/diefre/TFM/projects/DVB-T/scripts/t2mi_analyzer/test_bench/vhdl/ram_up/sim/.
Info: Regenerate these scripts whenever you make any change to any Quartus-generated IP in your project.
Info: qsys-generate succeeded.
Info: Finished: Create simulation model
Info: Starting: Create Modelsim Project.
Info: sim-script-gen --system-file=/home/diefre/TFM/projects/DVB-T/scripts/t2mi_analyzer/test_bench/vhdl/ram_up.ip --output-directory=/home/diefre/TFM/projects/DVB-T/scripts/t2mi_analyzer/test_bench/vhdl/ram_up/sim/ --use-relative-paths=true
Info: Generating the following file(s) for MODELSIM simulator in /home/diefre/TFM/projects/DVB-T/scripts/t2mi_analyzer/test_bench/vhdl/ram_up/sim/ directory:
Info: 	mentor/msim_setup.tcl
Info: Generating the following file(s) for VCSMX simulator in /home/diefre/TFM/projects/DVB-T/scripts/t2mi_analyzer/test_bench/vhdl/ram_up/sim/ directory:
Info: 	synopsys/vcsmx/synopsys_sim.setup
Info: 	synopsys/vcsmx/vcsmx_setup.sh
Info: Skipping VCS script generation since VHDL file $QUARTUS_INSTALL_DIR/eda/sim_lib/altera_syn_attributes.vhd is required for simulation
Info: Generating the following file(s) for RIVIERA simulator in /home/diefre/TFM/projects/DVB-T/scripts/t2mi_analyzer/test_bench/vhdl/ram_up/sim/ directory:
Info: 	aldec/rivierapro_setup.tcl
Info: Generating the following file(s) for NCSIM simulator in /home/diefre/TFM/projects/DVB-T/scripts/t2mi_analyzer/test_bench/vhdl/ram_up/sim/ directory:
Info: 	cadence/cds.lib
Info: 	cadence/hdl.var
Info: 	cadence/ncsim_setup.sh
Info: 	2 .cds.lib files in cadence/cds_libs/ directory
Info: Generating the following file(s) for XCELIUM simulator in /home/diefre/TFM/projects/DVB-T/scripts/t2mi_analyzer/test_bench/vhdl/ram_up/sim/ directory:
Info: 	xcelium/cds.lib
Info: 	xcelium/hdl.var
Info: 	xcelium/xcelium_setup.sh
Info: 	2 .cds.lib files in xcelium/cds_libs/ directory
Info: For information on how to simulate your IP, see the explanatory comments in the simulator-specific subdirectories under /home/diefre/TFM/projects/DVB-T/scripts/t2mi_analyzer/test_bench/vhdl/ram_up/sim/.
Info: Regenerate these scripts whenever you make any change to any Quartus-generated IP in your project.
Info: Finished: Create Modelsim Project.
Info: Starting: Create block symbol file (.bsf)
Info: qsys-generate /home/diefre/TFM/projects/DVB-T/scripts/t2mi_analyzer/test_bench/vhdl/ram_up.ip --block-symbol-file --output-directory=/home/diefre/TFM/projects/DVB-T/scripts/t2mi_analyzer/test_bench/vhdl/ram_up --family="Arria 10" --part=10AS027E4F29E3SG
: ram_up.ram_2port_0: Targeting device family: Arria 10.
: ram_up.ram_2port_0: 'Output1' tab is unavailable while using "Dual clock: use separate 'read' and 'write' clocks" clocking method.
: ram_up.ram_2port_0: 'Output2' tab is unavailable while using one read port and one write port.
: ram_up.ram_2port_0: In 'Performance Optimization' tab, Arria 10 does not support 'Timing/Power Optimization' feature.
Info: qsys-generate succeeded.
Info: Finished: Create block symbol file (.bsf)
Info: 
Info: Starting: Create HDL design files for synthesis
Info: qsys-generate /home/diefre/TFM/projects/DVB-T/scripts/t2mi_analyzer/test_bench/vhdl/ram_up.ip --synthesis=VHDL --output-directory=/home/diefre/TFM/projects/DVB-T/scripts/t2mi_analyzer/test_bench/vhdl/ram_up --family="Arria 10" --part=10AS027E4F29E3SG
: ram_up.ram_2port_0: Targeting device family: Arria 10.
: ram_up.ram_2port_0: 'Output1' tab is unavailable while using "Dual clock: use separate 'read' and 'write' clocks" clocking method.
: ram_up.ram_2port_0: 'Output2' tab is unavailable while using one read port and one write port.
: ram_up.ram_2port_0: In 'Performance Optimization' tab, Arria 10 does not support 'Timing/Power Optimization' feature.
Info: ram_up: "Transforming system: ram_up"
Info: ram_up: "Naming system components in system: ram_up"
Info: ram_up: "Processing generation queue"
Info: ram_up: "Generating: ram_up"
Info: ram_up: "Generating: ram_up_ram_2port_2000_3om6jvi"
Info: ram_up: Done "ram_up" with 2 modules, 2 files
Info: qsys-generate succeeded.
Info: Finished: Create HDL design files for synthesis
Info: Starting: Generate IP Core Documentation
Info: No documentation filesets were found for components in ram_up. No files generated.
Info: Finished: Generate IP Core Documentation
